Analysis & Synthesis report for HW
Tue Oct 11 23:39:03 2022
Quartus II 64-Bit Version 13.0.1 Build 232 06/12/2013 Service Pack 1 SJ Web Edition


---------------------
; Table of Contents ;
---------------------
  1. Legal Notice
  2. Analysis & Synthesis Summary
  3. Analysis & Synthesis Settings
  4. Parallel Compilation
  5. Analysis & Synthesis Source Files Read
  6. Analysis & Synthesis Resource Usage Summary
  7. Analysis & Synthesis Resource Utilization by Entity
  8. Registers Removed During Synthesis
  9. Removed Registers Triggering Further Register Optimizations
 10. General Register Statistics
 11. Parameter Settings for User Entity Instance: matrix:ma0
 12. Parameter Settings for User Entity Instance: matrix:ma0|unit:u0
 13. Parameter Settings for User Entity Instance: matrix:ma0|unit:u1
 14. Parameter Settings for User Entity Instance: matrix:ma0|unit:u2
 15. Parameter Settings for User Entity Instance: matrix:ma0|unit:u3
 16. Parameter Settings for User Entity Instance: matrix:ma0|unit:u4
 17. Parameter Settings for User Entity Instance: matrix:ma0|unit:u5
 18. Parameter Settings for User Entity Instance: matrix:ma0|unit:u6
 19. Parameter Settings for User Entity Instance: matrix:ma0|unit:u7
 20. Parameter Settings for User Entity Instance: matrix:ma0|unit:u8
 21. Parameter Settings for User Entity Instance: matrix:ma1
 22. Parameter Settings for User Entity Instance: matrix:ma1|unit:u0
 23. Parameter Settings for User Entity Instance: matrix:ma1|unit:u1
 24. Parameter Settings for User Entity Instance: matrix:ma1|unit:u2
 25. Parameter Settings for User Entity Instance: matrix:ma1|unit:u3
 26. Parameter Settings for User Entity Instance: matrix:ma1|unit:u4
 27. Parameter Settings for User Entity Instance: matrix:ma1|unit:u5
 28. Parameter Settings for User Entity Instance: matrix:ma1|unit:u6
 29. Parameter Settings for User Entity Instance: matrix:ma1|unit:u7
 30. Parameter Settings for User Entity Instance: matrix:ma1|unit:u8
 31. Parameter Settings for User Entity Instance: matrix:ma2
 32. Parameter Settings for User Entity Instance: matrix:ma2|unit:u0
 33. Parameter Settings for User Entity Instance: matrix:ma2|unit:u1
 34. Parameter Settings for User Entity Instance: matrix:ma2|unit:u2
 35. Parameter Settings for User Entity Instance: matrix:ma2|unit:u3
 36. Parameter Settings for User Entity Instance: matrix:ma2|unit:u4
 37. Parameter Settings for User Entity Instance: matrix:ma2|unit:u5
 38. Parameter Settings for User Entity Instance: matrix:ma2|unit:u6
 39. Parameter Settings for User Entity Instance: matrix:ma2|unit:u7
 40. Parameter Settings for User Entity Instance: matrix:ma2|unit:u8
 41. Port Connectivity Checks: "matrix:ma2"
 42. Port Connectivity Checks: "matrix:ma1"
 43. Port Connectivity Checks: "matrix:ma0|unit:u0"
 44. Elapsed Time Per Partition
 45. Analysis & Synthesis Messages
 46. Analysis & Synthesis Suppressed Messages



----------------
; Legal Notice ;
----------------
Copyright (C) 1991-2013 Altera Corporation
Your use of Altera Corporation's design tools, logic functions 
and other software and tools, and its AMPP partner logic 
functions, and any output files from any of the foregoing 
(including device programming or simulation files), and any 
associated documentation or information are expressly subject 
to the terms and conditions of the Altera Program License 
Subscription Agreement, Altera MegaCore Function License 
Agreement, or other applicable license agreement, including, 
without limitation, that your use is for the sole purpose of 
programming logic devices manufactured by Altera and sold by 
Altera or its authorized distributors.  Please refer to the 
applicable agreement for further details.



+--------------------------------------------------------------------------------------+
; Analysis & Synthesis Summary                                                         ;
+------------------------------------+-------------------------------------------------+
; Analysis & Synthesis Status        ; Successful - Tue Oct 11 23:39:03 2022           ;
; Quartus II 64-Bit Version          ; 13.0.1 Build 232 06/12/2013 SP 1 SJ Web Edition ;
; Revision Name                      ; HW                                              ;
; Top-level Entity Name              ; HW                                              ;
; Family                             ; Cyclone IV GX                                   ;
; Total logic elements               ; 395                                             ;
;     Total combinational functions  ; 308                                             ;
;     Dedicated logic registers      ; 123                                             ;
; Total registers                    ; 123                                             ;
; Total pins                         ; 159                                             ;
; Total virtual pins                 ; 0                                               ;
; Total memory bits                  ; 0                                               ;
; Embedded Multiplier 9-bit elements ; 0                                               ;
; Total GXB Receiver Channel PCS     ; 0                                               ;
; Total GXB Receiver Channel PMA     ; 0                                               ;
; Total GXB Transmitter Channel PCS  ; 0                                               ;
; Total GXB Transmitter Channel PMA  ; 0                                               ;
; Total PLLs                         ; 0                                               ;
+------------------------------------+-------------------------------------------------+


+----------------------------------------------------------------------------------------------------------------------+
; Analysis & Synthesis Settings                                                                                        ;
+----------------------------------------------------------------------------+--------------------+--------------------+
; Option                                                                     ; Setting            ; Default Value      ;
+----------------------------------------------------------------------------+--------------------+--------------------+
; Top-level entity name                                                      ; HW                 ; HW                 ;
; Family name                                                                ; Cyclone IV GX      ; Cyclone IV GX      ;
; Use smart compilation                                                      ; Off                ; Off                ;
; Enable parallel Assembler and TimeQuest Timing Analyzer during compilation ; On                 ; On                 ;
; Enable compact report table                                                ; Off                ; Off                ;
; Restructure Multiplexers                                                   ; Auto               ; Auto               ;
; Create Debugging Nodes for IP Cores                                        ; Off                ; Off                ;
; Preserve fewer node names                                                  ; On                 ; On                 ;
; Disable OpenCore Plus hardware evaluation                                  ; Off                ; Off                ;
; Verilog Version                                                            ; Verilog_2001       ; Verilog_2001       ;
; VHDL Version                                                               ; VHDL_1993          ; VHDL_1993          ;
; State Machine Processing                                                   ; Auto               ; Auto               ;
; Safe State Machine                                                         ; Off                ; Off                ;
; Extract Verilog State Machines                                             ; On                 ; On                 ;
; Extract VHDL State Machines                                                ; On                 ; On                 ;
; Ignore Verilog initial constructs                                          ; Off                ; Off                ;
; Iteration limit for constant Verilog loops                                 ; 5000               ; 5000               ;
; Iteration limit for non-constant Verilog loops                             ; 250                ; 250                ;
; Add Pass-Through Logic to Inferred RAMs                                    ; On                 ; On                 ;
; Infer RAMs from Raw Logic                                                  ; On                 ; On                 ;
; Parallel Synthesis                                                         ; On                 ; On                 ;
; DSP Block Balancing                                                        ; Auto               ; Auto               ;
; NOT Gate Push-Back                                                         ; On                 ; On                 ;
; Power-Up Don't Care                                                        ; On                 ; On                 ;
; Remove Redundant Logic Cells                                               ; Off                ; Off                ;
; Remove Duplicate Registers                                                 ; On                 ; On                 ;
; Ignore CARRY Buffers                                                       ; Off                ; Off                ;
; Ignore CASCADE Buffers                                                     ; Off                ; Off                ;
; Ignore GLOBAL Buffers                                                      ; Off                ; Off                ;
; Ignore ROW GLOBAL Buffers                                                  ; Off                ; Off                ;
; Ignore LCELL Buffers                                                       ; Off                ; Off                ;
; Ignore SOFT Buffers                                                        ; On                 ; On                 ;
; Limit AHDL Integers to 32 Bits                                             ; Off                ; Off                ;
; Optimization Technique                                                     ; Balanced           ; Balanced           ;
; Carry Chain Length                                                         ; 70                 ; 70                 ;
; Auto Carry Chains                                                          ; On                 ; On                 ;
; Auto Open-Drain Pins                                                       ; On                 ; On                 ;
; Perform WYSIWYG Primitive Resynthesis                                      ; Off                ; Off                ;
; Auto ROM Replacement                                                       ; On                 ; On                 ;
; Auto RAM Replacement                                                       ; On                 ; On                 ;
; Auto DSP Block Replacement                                                 ; On                 ; On                 ;
; Auto Shift Register Replacement                                            ; Auto               ; Auto               ;
; Allow Shift Register Merging across Hierarchies                            ; Auto               ; Auto               ;
; Auto Clock Enable Replacement                                              ; On                 ; On                 ;
; Strict RAM Replacement                                                     ; Off                ; Off                ;
; Allow Synchronous Control Signals                                          ; On                 ; On                 ;
; Force Use of Synchronous Clear Signals                                     ; Off                ; Off                ;
; Auto RAM Block Balancing                                                   ; On                 ; On                 ;
; Auto RAM to Logic Cell Conversion                                          ; Off                ; Off                ;
; Auto Resource Sharing                                                      ; Off                ; Off                ;
; Allow Any RAM Size For Recognition                                         ; Off                ; Off                ;
; Allow Any ROM Size For Recognition                                         ; Off                ; Off                ;
; Allow Any Shift Register Size For Recognition                              ; Off                ; Off                ;
; Use LogicLock Constraints during Resource Balancing                        ; On                 ; On                 ;
; Ignore translate_off and synthesis_off directives                          ; Off                ; Off                ;
; Timing-Driven Synthesis                                                    ; On                 ; On                 ;
; Report Parameter Settings                                                  ; On                 ; On                 ;
; Report Source Assignments                                                  ; On                 ; On                 ;
; Report Connectivity Checks                                                 ; On                 ; On                 ;
; Ignore Maximum Fan-Out Assignments                                         ; Off                ; Off                ;
; Synchronization Register Chain Length                                      ; 2                  ; 2                  ;
; PowerPlay Power Optimization                                               ; Normal compilation ; Normal compilation ;
; HDL message level                                                          ; Level2             ; Level2             ;
; Suppress Register Optimization Related Messages                            ; Off                ; Off                ;
; Number of Removed Registers Reported in Synthesis Report                   ; 5000               ; 5000               ;
; Number of Swept Nodes Reported in Synthesis Report                         ; 5000               ; 5000               ;
; Number of Inverted Registers Reported in Synthesis Report                  ; 100                ; 100                ;
; Clock MUX Protection                                                       ; On                 ; On                 ;
; Auto Gated Clock Conversion                                                ; Off                ; Off                ;
; Block Design Naming                                                        ; Auto               ; Auto               ;
; SDC constraint protection                                                  ; Off                ; Off                ;
; Synthesis Effort                                                           ; Auto               ; Auto               ;
; Shift Register Replacement - Allow Asynchronous Clear Signal               ; On                 ; On                 ;
; Pre-Mapping Resynthesis Optimization                                       ; Off                ; Off                ;
; Analysis & Synthesis Message Level                                         ; Medium             ; Medium             ;
; Disable Register Merging Across Hierarchies                                ; Auto               ; Auto               ;
; Resource Aware Inference For Block RAM                                     ; On                 ; On                 ;
; Synthesis Seed                                                             ; 1                  ; 1                  ;
+----------------------------------------------------------------------------+--------------------+--------------------+


Parallel compilation was disabled, but you have multiple processors available. Enable parallel compilation to reduce compilation time.
+-------------------------------------+
; Parallel Compilation                ;
+----------------------------+--------+
; Processors                 ; Number ;
+----------------------------+--------+
; Number detected on machine ; 16     ;
; Maximum allowed            ; 1      ;
+----------------------------+--------+


+-------------------------------------------------------------------------------------------------------------------------------------------------+
; Analysis & Synthesis Source Files Read                                                                                                          ;
+----------------------------------+-----------------+------------------------+---------------------------------------------------------+---------+
; File Name with User-Entered Path ; Used in Netlist ; File Type              ; File Name with Absolute Path                            ; Library ;
+----------------------------------+-----------------+------------------------+---------------------------------------------------------+---------+
; HW.v                             ; yes             ; User Verilog HDL File  ; C:/Users/dht98/Downloads/NKUST/NKUST_FPGA_110/0928/HW.v ;         ;
+----------------------------------+-----------------+------------------------+---------------------------------------------------------+---------+


+---------------------------------------------+
; Analysis & Synthesis Resource Usage Summary ;
+--------------------------+------------------+
; Resource                 ; Usage            ;
+--------------------------+------------------+
; I/O pins                 ; 159              ;
; DSP block 9-bit elements ; 0                ;
; Maximum fan-out node     ; clk~input        ;
; Maximum fan-out          ; 123              ;
; Total fan-out            ; 1508             ;
; Average fan-out          ; 2.01             ;
+--------------------------+------------------+


+--------------------------------------------------------------------------------------------------------------------------------------------------------------------------------------------+
; Analysis & Synthesis Resource Utilization by Entity                                                                                                                                        ;
+----------------------------+-------------------+--------------+-------------+--------------+---------+-----------+-----------+------+--------------+------------------------+--------------+
; Compilation Hierarchy Node ; LC Combinationals ; LC Registers ; Memory Bits ; DSP Elements ; DSP 9x9 ; DSP 18x18 ; DSP 36x36 ; Pins ; Virtual Pins ; Full Hierarchy Name    ; Library Name ;
+----------------------------+-------------------+--------------+-------------+--------------+---------+-----------+-----------+------+--------------+------------------------+--------------+
; |HW                        ; 308 (59)          ; 123 (36)     ; 0           ; 0            ; 0       ; 0         ; 0         ; 159  ; 0            ; |HW                    ; work         ;
;    |matrix:ma0|            ; 94 (0)            ; 16 (16)      ; 0           ; 0            ; 0       ; 0         ; 0         ; 0    ; 0            ; |HW|matrix:ma0         ; work         ;
;       |unit:u1|            ; 7 (7)             ; 0 (0)        ; 0           ; 0            ; 0       ; 0         ; 0         ; 0    ; 0            ; |HW|matrix:ma0|unit:u1 ; work         ;
;       |unit:u2|            ; 8 (8)             ; 0 (0)        ; 0           ; 0            ; 0       ; 0         ; 0         ; 0    ; 0            ; |HW|matrix:ma0|unit:u2 ; work         ;
;       |unit:u3|            ; 16 (16)           ; 0 (0)        ; 0           ; 0            ; 0       ; 0         ; 0         ; 0    ; 0            ; |HW|matrix:ma0|unit:u3 ; work         ;
;       |unit:u4|            ; 18 (18)           ; 0 (0)        ; 0           ; 0            ; 0       ; 0         ; 0         ; 0    ; 0            ; |HW|matrix:ma0|unit:u4 ; work         ;
;       |unit:u5|            ; 18 (18)           ; 0 (0)        ; 0           ; 0            ; 0       ; 0         ; 0         ; 0    ; 0            ; |HW|matrix:ma0|unit:u5 ; work         ;
;       |unit:u6|            ; 9 (9)             ; 0 (0)        ; 0           ; 0            ; 0       ; 0         ; 0         ; 0    ; 0            ; |HW|matrix:ma0|unit:u6 ; work         ;
;       |unit:u7|            ; 9 (9)             ; 0 (0)        ; 0           ; 0            ; 0       ; 0         ; 0         ; 0    ; 0            ; |HW|matrix:ma0|unit:u7 ; work         ;
;       |unit:u8|            ; 9 (9)             ; 0 (0)        ; 0           ; 0            ; 0       ; 0         ; 0         ; 0    ; 0            ; |HW|matrix:ma0|unit:u8 ; work         ;
;    |matrix:ma1|            ; 78 (0)            ; 18 (18)      ; 0           ; 0            ; 0       ; 0         ; 0         ; 0    ; 0            ; |HW|matrix:ma1         ; work         ;
;       |unit:u1|            ; 7 (7)             ; 0 (0)        ; 0           ; 0            ; 0       ; 0         ; 0         ; 0    ; 0            ; |HW|matrix:ma1|unit:u1 ; work         ;
;       |unit:u2|            ; 8 (8)             ; 0 (0)        ; 0           ; 0            ; 0       ; 0         ; 0         ; 0    ; 0            ; |HW|matrix:ma1|unit:u2 ; work         ;
;       |unit:u3|            ; 8 (8)             ; 0 (0)        ; 0           ; 0            ; 0       ; 0         ; 0         ; 0    ; 0            ; |HW|matrix:ma1|unit:u3 ; work         ;
;       |unit:u4|            ; 10 (10)           ; 0 (0)        ; 0           ; 0            ; 0       ; 0         ; 0         ; 0    ; 0            ; |HW|matrix:ma1|unit:u4 ; work         ;
;       |unit:u5|            ; 18 (18)           ; 0 (0)        ; 0           ; 0            ; 0       ; 0         ; 0         ; 0    ; 0            ; |HW|matrix:ma1|unit:u5 ; work         ;
;       |unit:u6|            ; 9 (9)             ; 0 (0)        ; 0           ; 0            ; 0       ; 0         ; 0         ; 0    ; 0            ; |HW|matrix:ma1|unit:u6 ; work         ;
;       |unit:u7|            ; 9 (9)             ; 0 (0)        ; 0           ; 0            ; 0       ; 0         ; 0         ; 0    ; 0            ; |HW|matrix:ma1|unit:u7 ; work         ;
;       |unit:u8|            ; 9 (9)             ; 0 (0)        ; 0           ; 0            ; 0       ; 0         ; 0         ; 0    ; 0            ; |HW|matrix:ma1|unit:u8 ; work         ;
;    |matrix:ma2|            ; 77 (0)            ; 53 (53)      ; 0           ; 0            ; 0       ; 0         ; 0         ; 0    ; 0            ; |HW|matrix:ma2         ; work         ;
;       |unit:u1|            ; 7 (7)             ; 0 (0)        ; 0           ; 0            ; 0       ; 0         ; 0         ; 0    ; 0            ; |HW|matrix:ma2|unit:u1 ; work         ;
;       |unit:u2|            ; 8 (8)             ; 0 (0)        ; 0           ; 0            ; 0       ; 0         ; 0         ; 0    ; 0            ; |HW|matrix:ma2|unit:u2 ; work         ;
;       |unit:u3|            ; 8 (8)             ; 0 (0)        ; 0           ; 0            ; 0       ; 0         ; 0         ; 0    ; 0            ; |HW|matrix:ma2|unit:u3 ; work         ;
;       |unit:u4|            ; 10 (10)           ; 0 (0)        ; 0           ; 0            ; 0       ; 0         ; 0         ; 0    ; 0            ; |HW|matrix:ma2|unit:u4 ; work         ;
;       |unit:u5|            ; 17 (17)           ; 0 (0)        ; 0           ; 0            ; 0       ; 0         ; 0         ; 0    ; 0            ; |HW|matrix:ma2|unit:u5 ; work         ;
;       |unit:u6|            ; 9 (9)             ; 0 (0)        ; 0           ; 0            ; 0       ; 0         ; 0         ; 0    ; 0            ; |HW|matrix:ma2|unit:u6 ; work         ;
;       |unit:u7|            ; 9 (9)             ; 0 (0)        ; 0           ; 0            ; 0       ; 0         ; 0         ; 0    ; 0            ; |HW|matrix:ma2|unit:u7 ; work         ;
;       |unit:u8|            ; 9 (9)             ; 0 (0)        ; 0           ; 0            ; 0       ; 0         ; 0         ; 0    ; 0            ; |HW|matrix:ma2|unit:u8 ; work         ;
+----------------------------+-------------------+--------------+-------------+--------------+---------+-----------+-----------+------+--------------+------------------------+--------------+
Note: For table entries with two numbers listed, the numbers in parentheses indicate the number of resources of the given type used by the specific entity alone. The numbers listed outside of parentheses indicate the total resources of the given type used by the specific entity and all of its sub-entities in the hierarchy.


+----------------------------------------------------------------------------------+
; Registers Removed During Synthesis                                               ;
+-----------------------------------------+----------------------------------------+
; Register name                           ; Reason for Removal                     ;
+-----------------------------------------+----------------------------------------+
; d0[0][9]                                ; Stuck at GND due to stuck port data_in ;
; d0[0][8]                                ; Stuck at GND due to stuck port data_in ;
; d0[0][7]                                ; Stuck at GND due to stuck port data_in ;
; d0[1][9]                                ; Stuck at GND due to stuck port data_in ;
; d0[1][8]                                ; Stuck at GND due to stuck port data_in ;
; d0[1][7]                                ; Stuck at GND due to stuck port data_in ;
; d0[2][9]                                ; Stuck at GND due to stuck port data_in ;
; d0[2][8]                                ; Stuck at GND due to stuck port data_in ;
; d0[2][7]                                ; Stuck at GND due to stuck port data_in ;
; d1[0][9]                                ; Stuck at GND due to stuck port data_in ;
; d1[0][8]                                ; Stuck at GND due to stuck port data_in ;
; d1[0][7]                                ; Stuck at GND due to stuck port data_in ;
; d1[1][9]                                ; Stuck at GND due to stuck port data_in ;
; d1[1][8]                                ; Stuck at GND due to stuck port data_in ;
; d1[1][7]                                ; Stuck at GND due to stuck port data_in ;
; d1[2][9]                                ; Stuck at GND due to stuck port data_in ;
; d1[2][8]                                ; Stuck at GND due to stuck port data_in ;
; d1[2][7]                                ; Stuck at GND due to stuck port data_in ;
; d2[0][9]                                ; Stuck at GND due to stuck port data_in ;
; d2[0][8]                                ; Stuck at GND due to stuck port data_in ;
; d2[0][7]                                ; Stuck at GND due to stuck port data_in ;
; d2[1][9]                                ; Stuck at GND due to stuck port data_in ;
; d2[1][8]                                ; Stuck at GND due to stuck port data_in ;
; d2[1][7]                                ; Stuck at GND due to stuck port data_in ;
; d2[2][9]                                ; Stuck at GND due to stuck port data_in ;
; d2[2][8]                                ; Stuck at GND due to stuck port data_in ;
; d2[2][7]                                ; Stuck at GND due to stuck port data_in ;
; matrix:ma2|m[0][9]                      ; Stuck at GND due to stuck port data_in ;
; matrix:ma2|m[0][8]                      ; Stuck at GND due to stuck port data_in ;
; matrix:ma2|m[0][7]                      ; Stuck at GND due to stuck port data_in ;
; matrix:ma2|m[1][9]                      ; Stuck at GND due to stuck port data_in ;
; matrix:ma2|m[1][8]                      ; Stuck at GND due to stuck port data_in ;
; matrix:ma2|m[1][7]                      ; Stuck at GND due to stuck port data_in ;
; matrix:ma2|m[2][9]                      ; Stuck at GND due to stuck port data_in ;
; matrix:ma2|m[2][8]                      ; Stuck at GND due to stuck port data_in ;
; matrix:ma2|m[2][7]                      ; Stuck at GND due to stuck port data_in ;
; matrix:ma2|m[3][9]                      ; Stuck at GND due to stuck port data_in ;
; matrix:ma2|m[3][8]                      ; Stuck at GND due to stuck port data_in ;
; matrix:ma2|m[3][7]                      ; Stuck at GND due to stuck port data_in ;
; matrix:ma2|m[4][9]                      ; Stuck at GND due to stuck port data_in ;
; matrix:ma2|m[4][8]                      ; Stuck at GND due to stuck port data_in ;
; matrix:ma2|m[4][7]                      ; Stuck at GND due to stuck port data_in ;
; matrix:ma2|m[5][9]                      ; Stuck at GND due to stuck port data_in ;
; matrix:ma2|m[5][8]                      ; Stuck at GND due to stuck port data_in ;
; matrix:ma2|m[5][7]                      ; Stuck at GND due to stuck port data_in ;
; matrix:ma2|m[6][8]                      ; Stuck at GND due to stuck port data_in ;
; matrix:ma2|m[6][7]                      ; Stuck at GND due to stuck port data_in ;
; matrix:ma2|m[7][8]                      ; Stuck at GND due to stuck port data_in ;
; matrix:ma2|m[7][7]                      ; Stuck at GND due to stuck port data_in ;
; matrix:ma2|m[8][8]                      ; Stuck at GND due to stuck port data_in ;
; matrix:ma2|m[8][7]                      ; Stuck at GND due to stuck port data_in ;
; matrix:ma1|m[0][9]                      ; Stuck at GND due to stuck port data_in ;
; matrix:ma1|m[0][8]                      ; Stuck at GND due to stuck port data_in ;
; matrix:ma1|m[0][7]                      ; Stuck at GND due to stuck port data_in ;
; matrix:ma1|m[1][9]                      ; Stuck at GND due to stuck port data_in ;
; matrix:ma1|m[1][8]                      ; Stuck at GND due to stuck port data_in ;
; matrix:ma1|m[1][7]                      ; Stuck at GND due to stuck port data_in ;
; matrix:ma1|m[2][9]                      ; Stuck at GND due to stuck port data_in ;
; matrix:ma1|m[2][8]                      ; Stuck at GND due to stuck port data_in ;
; matrix:ma1|m[2][7]                      ; Stuck at GND due to stuck port data_in ;
; matrix:ma1|m[3][9]                      ; Stuck at GND due to stuck port data_in ;
; matrix:ma1|m[3][8]                      ; Stuck at GND due to stuck port data_in ;
; matrix:ma1|m[3][7]                      ; Stuck at GND due to stuck port data_in ;
; matrix:ma1|m[4][9]                      ; Stuck at GND due to stuck port data_in ;
; matrix:ma1|m[4][8]                      ; Stuck at GND due to stuck port data_in ;
; matrix:ma1|m[4][7]                      ; Stuck at GND due to stuck port data_in ;
; matrix:ma1|m[5][9]                      ; Stuck at GND due to stuck port data_in ;
; matrix:ma1|m[5][8]                      ; Stuck at GND due to stuck port data_in ;
; matrix:ma1|m[5][7]                      ; Stuck at GND due to stuck port data_in ;
; matrix:ma1|m[6][8]                      ; Stuck at GND due to stuck port data_in ;
; matrix:ma1|m[6][7]                      ; Stuck at GND due to stuck port data_in ;
; matrix:ma1|m[7][8]                      ; Stuck at GND due to stuck port data_in ;
; matrix:ma1|m[7][7]                      ; Stuck at GND due to stuck port data_in ;
; matrix:ma1|m[8][8]                      ; Stuck at GND due to stuck port data_in ;
; matrix:ma1|m[8][7]                      ; Stuck at GND due to stuck port data_in ;
; matrix:ma0|m[0][9]                      ; Stuck at GND due to stuck port data_in ;
; matrix:ma0|m[0][8]                      ; Stuck at GND due to stuck port data_in ;
; matrix:ma0|m[0][7]                      ; Stuck at GND due to stuck port data_in ;
; matrix:ma0|m[1][9]                      ; Stuck at GND due to stuck port data_in ;
; matrix:ma0|m[1][8]                      ; Stuck at GND due to stuck port data_in ;
; matrix:ma0|m[1][7]                      ; Stuck at GND due to stuck port data_in ;
; matrix:ma0|m[2][9]                      ; Stuck at GND due to stuck port data_in ;
; matrix:ma0|m[2][8]                      ; Stuck at GND due to stuck port data_in ;
; matrix:ma0|m[2][7]                      ; Stuck at GND due to stuck port data_in ;
; matrix:ma0|m[3][9]                      ; Stuck at GND due to stuck port data_in ;
; matrix:ma0|m[3][8]                      ; Stuck at GND due to stuck port data_in ;
; matrix:ma0|m[3][7]                      ; Stuck at GND due to stuck port data_in ;
; matrix:ma0|m[4][9]                      ; Stuck at GND due to stuck port data_in ;
; matrix:ma0|m[4][8]                      ; Stuck at GND due to stuck port data_in ;
; matrix:ma0|m[4][7]                      ; Stuck at GND due to stuck port data_in ;
; matrix:ma0|m[5][9]                      ; Stuck at GND due to stuck port data_in ;
; matrix:ma0|m[5][8]                      ; Stuck at GND due to stuck port data_in ;
; matrix:ma0|m[5][7]                      ; Stuck at GND due to stuck port data_in ;
; matrix:ma0|m[6][9]                      ; Stuck at GND due to stuck port data_in ;
; matrix:ma0|m[6][8]                      ; Stuck at GND due to stuck port data_in ;
; matrix:ma0|m[6][7]                      ; Stuck at GND due to stuck port data_in ;
; matrix:ma0|m[7][9]                      ; Stuck at GND due to stuck port data_in ;
; matrix:ma0|m[7][8]                      ; Stuck at GND due to stuck port data_in ;
; matrix:ma0|m[7][7]                      ; Stuck at GND due to stuck port data_in ;
; matrix:ma0|m[8][9]                      ; Stuck at GND due to stuck port data_in ;
; matrix:ma0|m[8][8]                      ; Stuck at GND due to stuck port data_in ;
; matrix:ma0|m[8][7]                      ; Stuck at GND due to stuck port data_in ;
; d1[0][6]                                ; Merged with d0[1][6]                   ;
; d1[0][5]                                ; Merged with d0[1][5]                   ;
; d1[0][4]                                ; Merged with d0[1][4]                   ;
; d1[0][3]                                ; Merged with d0[1][3]                   ;
; d1[0][2]                                ; Merged with d0[1][2]                   ;
; d1[0][1]                                ; Merged with d0[1][1]                   ;
; d1[0][0]                                ; Merged with d0[1][0]                   ;
; d1[1][6]                                ; Merged with d0[2][6]                   ;
; d2[0][6]                                ; Merged with d0[2][6]                   ;
; d1[1][5]                                ; Merged with d0[2][5]                   ;
; d2[0][5]                                ; Merged with d0[2][5]                   ;
; d1[1][4]                                ; Merged with d0[2][4]                   ;
; d2[0][4]                                ; Merged with d0[2][4]                   ;
; d1[1][3]                                ; Merged with d0[2][3]                   ;
; d2[0][3]                                ; Merged with d0[2][3]                   ;
; d1[1][2]                                ; Merged with d0[2][2]                   ;
; d2[0][2]                                ; Merged with d0[2][2]                   ;
; d1[1][1]                                ; Merged with d0[2][1]                   ;
; d2[0][1]                                ; Merged with d0[2][1]                   ;
; d1[1][0]                                ; Merged with d0[2][0]                   ;
; d2[0][0]                                ; Merged with d0[2][0]                   ;
; d2[1][6]                                ; Merged with d1[2][6]                   ;
; d2[1][5]                                ; Merged with d1[2][5]                   ;
; d2[1][4]                                ; Merged with d1[2][4]                   ;
; d2[1][3]                                ; Merged with d1[2][3]                   ;
; d2[1][2]                                ; Merged with d1[2][2]                   ;
; d2[1][1]                                ; Merged with d1[2][1]                   ;
; d2[1][0]                                ; Merged with d1[2][0]                   ;
; matrix:ma0|m[2][6]                      ; Merged with matrix:ma2|m[0][6]         ;
; matrix:ma1|m[1][6]                      ; Merged with matrix:ma2|m[0][6]         ;
; matrix:ma0|m[2][5]                      ; Merged with matrix:ma2|m[0][5]         ;
; matrix:ma1|m[1][5]                      ; Merged with matrix:ma2|m[0][5]         ;
; matrix:ma0|m[2][4]                      ; Merged with matrix:ma2|m[0][4]         ;
; matrix:ma1|m[1][4]                      ; Merged with matrix:ma2|m[0][4]         ;
; matrix:ma0|m[2][3]                      ; Merged with matrix:ma2|m[0][3]         ;
; matrix:ma1|m[1][3]                      ; Merged with matrix:ma2|m[0][3]         ;
; matrix:ma0|m[2][2]                      ; Merged with matrix:ma2|m[0][2]         ;
; matrix:ma1|m[1][2]                      ; Merged with matrix:ma2|m[0][2]         ;
; matrix:ma0|m[2][1]                      ; Merged with matrix:ma2|m[0][1]         ;
; matrix:ma1|m[1][1]                      ; Merged with matrix:ma2|m[0][1]         ;
; matrix:ma0|m[2][0]                      ; Merged with matrix:ma2|m[0][0]         ;
; matrix:ma1|m[1][0]                      ; Merged with matrix:ma2|m[0][0]         ;
; matrix:ma1|m[2][6]                      ; Merged with matrix:ma2|m[1][6]         ;
; matrix:ma1|m[2][5]                      ; Merged with matrix:ma2|m[1][5]         ;
; matrix:ma1|m[2][4]                      ; Merged with matrix:ma2|m[1][4]         ;
; matrix:ma1|m[2][3]                      ; Merged with matrix:ma2|m[1][3]         ;
; matrix:ma1|m[2][2]                      ; Merged with matrix:ma2|m[1][2]         ;
; matrix:ma1|m[2][1]                      ; Merged with matrix:ma2|m[1][1]         ;
; matrix:ma1|m[2][0]                      ; Merged with matrix:ma2|m[1][0]         ;
; matrix:ma0|m[5][6]                      ; Merged with matrix:ma2|m[3][6]         ;
; matrix:ma1|m[4][6]                      ; Merged with matrix:ma2|m[3][6]         ;
; matrix:ma0|m[5][5]                      ; Merged with matrix:ma2|m[3][5]         ;
; matrix:ma1|m[4][5]                      ; Merged with matrix:ma2|m[3][5]         ;
; matrix:ma0|m[5][4]                      ; Merged with matrix:ma2|m[3][4]         ;
; matrix:ma1|m[4][4]                      ; Merged with matrix:ma2|m[3][4]         ;
; matrix:ma0|m[5][3]                      ; Merged with matrix:ma2|m[3][3]         ;
; matrix:ma1|m[4][3]                      ; Merged with matrix:ma2|m[3][3]         ;
; matrix:ma0|m[5][2]                      ; Merged with matrix:ma2|m[3][2]         ;
; matrix:ma1|m[4][2]                      ; Merged with matrix:ma2|m[3][2]         ;
; matrix:ma0|m[5][1]                      ; Merged with matrix:ma2|m[3][1]         ;
; matrix:ma1|m[4][1]                      ; Merged with matrix:ma2|m[3][1]         ;
; matrix:ma0|m[5][0]                      ; Merged with matrix:ma2|m[3][0]         ;
; matrix:ma1|m[4][0]                      ; Merged with matrix:ma2|m[3][0]         ;
; matrix:ma1|m[5][6]                      ; Merged with matrix:ma2|m[4][6]         ;
; matrix:ma1|m[5][5]                      ; Merged with matrix:ma2|m[4][5]         ;
; matrix:ma1|m[5][4]                      ; Merged with matrix:ma2|m[4][4]         ;
; matrix:ma1|m[5][3]                      ; Merged with matrix:ma2|m[4][3]         ;
; matrix:ma1|m[5][2]                      ; Merged with matrix:ma2|m[4][2]         ;
; matrix:ma1|m[5][1]                      ; Merged with matrix:ma2|m[4][1]         ;
; matrix:ma1|m[5][0]                      ; Merged with matrix:ma2|m[4][0]         ;
; matrix:ma0|m[8][6]                      ; Merged with matrix:ma2|m[6][6]         ;
; matrix:ma1|m[7][6]                      ; Merged with matrix:ma2|m[6][6]         ;
; matrix:ma0|m[8][5]                      ; Merged with matrix:ma2|m[6][5]         ;
; matrix:ma1|m[7][5]                      ; Merged with matrix:ma2|m[6][5]         ;
; matrix:ma0|m[8][4]                      ; Merged with matrix:ma2|m[6][4]         ;
; matrix:ma1|m[7][4]                      ; Merged with matrix:ma2|m[6][4]         ;
; matrix:ma0|m[8][3]                      ; Merged with matrix:ma2|m[6][3]         ;
; matrix:ma1|m[7][3]                      ; Merged with matrix:ma2|m[6][3]         ;
; matrix:ma0|m[8][2]                      ; Merged with matrix:ma2|m[6][2]         ;
; matrix:ma1|m[7][2]                      ; Merged with matrix:ma2|m[6][2]         ;
; matrix:ma0|m[8][1]                      ; Merged with matrix:ma2|m[6][1]         ;
; matrix:ma1|m[7][1]                      ; Merged with matrix:ma2|m[6][1]         ;
; matrix:ma0|m[8][0]                      ; Merged with matrix:ma2|m[6][0]         ;
; matrix:ma1|m[7][0]                      ; Merged with matrix:ma2|m[6][0]         ;
; matrix:ma1|m[8][6]                      ; Merged with matrix:ma2|m[7][6]         ;
; matrix:ma1|m[8][5]                      ; Merged with matrix:ma2|m[7][5]         ;
; matrix:ma1|m[8][4]                      ; Merged with matrix:ma2|m[7][4]         ;
; matrix:ma1|m[8][3]                      ; Merged with matrix:ma2|m[7][3]         ;
; matrix:ma1|m[8][2]                      ; Merged with matrix:ma2|m[7][2]         ;
; matrix:ma1|m[8][1]                      ; Merged with matrix:ma2|m[7][1]         ;
; matrix:ma1|m[8][0]                      ; Merged with matrix:ma2|m[7][0]         ;
; matrix:ma0|m[1][6]                      ; Merged with matrix:ma1|m[0][6]         ;
; matrix:ma0|m[1][5]                      ; Merged with matrix:ma1|m[0][5]         ;
; matrix:ma0|m[1][4]                      ; Merged with matrix:ma1|m[0][4]         ;
; matrix:ma0|m[1][3]                      ; Merged with matrix:ma1|m[0][3]         ;
; matrix:ma0|m[1][2]                      ; Merged with matrix:ma1|m[0][2]         ;
; matrix:ma0|m[1][1]                      ; Merged with matrix:ma1|m[0][1]         ;
; matrix:ma0|m[1][0]                      ; Merged with matrix:ma1|m[0][0]         ;
; matrix:ma0|m[4][6]                      ; Merged with matrix:ma1|m[3][6]         ;
; matrix:ma0|m[4][5]                      ; Merged with matrix:ma1|m[3][5]         ;
; matrix:ma0|m[4][4]                      ; Merged with matrix:ma1|m[3][4]         ;
; matrix:ma0|m[4][3]                      ; Merged with matrix:ma1|m[3][3]         ;
; matrix:ma0|m[4][2]                      ; Merged with matrix:ma1|m[3][2]         ;
; matrix:ma0|m[4][1]                      ; Merged with matrix:ma1|m[3][1]         ;
; matrix:ma0|m[4][0]                      ; Merged with matrix:ma1|m[3][0]         ;
; matrix:ma0|m[7][6]                      ; Merged with matrix:ma1|m[6][6]         ;
; matrix:ma0|m[7][5]                      ; Merged with matrix:ma1|m[6][5]         ;
; matrix:ma0|m[7][4]                      ; Merged with matrix:ma1|m[6][4]         ;
; matrix:ma0|m[7][3]                      ; Merged with matrix:ma1|m[6][3]         ;
; matrix:ma0|m[7][2]                      ; Merged with matrix:ma1|m[6][2]         ;
; matrix:ma0|m[7][1]                      ; Merged with matrix:ma1|m[6][1]         ;
; matrix:ma0|m[7][0]                      ; Merged with matrix:ma1|m[6][0]         ;
; d0[0][6]                                ; Stuck at GND due to stuck port data_in ;
; d0[1][6]                                ; Stuck at GND due to stuck port data_in ;
; d0[2][6]                                ; Stuck at GND due to stuck port data_in ;
; d1[2][6]                                ; Stuck at GND due to stuck port data_in ;
; d2[2][6]                                ; Stuck at GND due to stuck port data_in ;
; matrix:ma2|m[0][6]                      ; Stuck at GND due to stuck port data_in ;
; matrix:ma2|m[1][6]                      ; Stuck at GND due to stuck port data_in ;
; matrix:ma2|m[2][6]                      ; Stuck at GND due to stuck port data_in ;
; matrix:ma2|m[3][6]                      ; Stuck at GND due to stuck port data_in ;
; matrix:ma2|m[4][6]                      ; Stuck at GND due to stuck port data_in ;
; matrix:ma2|m[5][6]                      ; Stuck at GND due to stuck port data_in ;
; matrix:ma2|m[6][6]                      ; Stuck at GND due to stuck port data_in ;
; matrix:ma2|m[7][6]                      ; Stuck at GND due to stuck port data_in ;
; matrix:ma2|m[8][6]                      ; Stuck at GND due to stuck port data_in ;
; matrix:ma1|m[0][6]                      ; Stuck at GND due to stuck port data_in ;
; matrix:ma1|m[3][6]                      ; Stuck at GND due to stuck port data_in ;
; matrix:ma1|m[6][6]                      ; Stuck at GND due to stuck port data_in ;
; matrix:ma0|m[0][6]                      ; Stuck at GND due to stuck port data_in ;
; matrix:ma0|m[3][6]                      ; Stuck at GND due to stuck port data_in ;
; matrix:ma0|m[6][6]                      ; Stuck at GND due to stuck port data_in ;
; d2[2][2]                                ; Merged with d0[0][2]                   ;
; matrix:ma2|m[2][2]                      ; Merged with matrix:ma0|m[0][2]         ;
; matrix:ma0|m[3][2]                      ; Merged with matrix:ma2|m[5][2]         ;
; matrix:ma0|m[6][2]                      ; Merged with matrix:ma2|m[8][2]         ;
; Total Number of Removed Registers = 238 ;                                        ;
+-----------------------------------------+----------------------------------------+


+----------------------------------------------------------------------------------------------------------------------------+
; Removed Registers Triggering Further Register Optimizations                                                                ;
+---------------+---------------------------+--------------------------------------------------------------------------------+
; Register name ; Reason for Removal        ; Registers Removed due to This Register                                         ;
+---------------+---------------------------+--------------------------------------------------------------------------------+
; d0[1][9]      ; Stuck at GND              ; matrix:ma0|m[1][9], matrix:ma0|m[4][9], matrix:ma0|m[7][9], matrix:ma0|m[8][7] ;
;               ; due to stuck port data_in ;                                                                                ;
; d0[2][9]      ; Stuck at GND              ; matrix:ma0|m[2][9], matrix:ma0|m[5][9], matrix:ma0|m[8][9], matrix:ma0|m[8][8] ;
;               ; due to stuck port data_in ;                                                                                ;
; d0[0][9]      ; Stuck at GND              ; matrix:ma0|m[0][9], matrix:ma0|m[3][9], matrix:ma0|m[6][9]                     ;
;               ; due to stuck port data_in ;                                                                                ;
; d0[0][8]      ; Stuck at GND              ; matrix:ma0|m[0][8], matrix:ma0|m[3][8], matrix:ma0|m[6][8]                     ;
;               ; due to stuck port data_in ;                                                                                ;
; d0[0][7]      ; Stuck at GND              ; matrix:ma0|m[0][7], matrix:ma0|m[3][7], matrix:ma0|m[6][7]                     ;
;               ; due to stuck port data_in ;                                                                                ;
; d0[1][8]      ; Stuck at GND              ; matrix:ma0|m[1][8], matrix:ma0|m[4][8], matrix:ma0|m[7][8]                     ;
;               ; due to stuck port data_in ;                                                                                ;
; d0[1][7]      ; Stuck at GND              ; matrix:ma0|m[1][7], matrix:ma0|m[4][7], matrix:ma0|m[7][7]                     ;
;               ; due to stuck port data_in ;                                                                                ;
; d1[0][8]      ; Stuck at GND              ; matrix:ma1|m[0][8], matrix:ma1|m[3][8], matrix:ma1|m[6][8]                     ;
;               ; due to stuck port data_in ;                                                                                ;
; d1[0][7]      ; Stuck at GND              ; matrix:ma1|m[0][7], matrix:ma1|m[3][7], matrix:ma1|m[6][7]                     ;
;               ; due to stuck port data_in ;                                                                                ;
; d1[1][8]      ; Stuck at GND              ; matrix:ma1|m[1][8], matrix:ma1|m[4][8], matrix:ma1|m[7][8]                     ;
;               ; due to stuck port data_in ;                                                                                ;
; d1[1][7]      ; Stuck at GND              ; matrix:ma1|m[1][7], matrix:ma1|m[4][7], matrix:ma1|m[7][7]                     ;
;               ; due to stuck port data_in ;                                                                                ;
; d1[2][8]      ; Stuck at GND              ; matrix:ma1|m[2][8], matrix:ma1|m[5][8], matrix:ma1|m[8][8]                     ;
;               ; due to stuck port data_in ;                                                                                ;
; d1[2][7]      ; Stuck at GND              ; matrix:ma1|m[2][7], matrix:ma1|m[5][7], matrix:ma1|m[8][7]                     ;
;               ; due to stuck port data_in ;                                                                                ;
; d2[0][8]      ; Stuck at GND              ; matrix:ma2|m[0][8], matrix:ma2|m[3][8], matrix:ma2|m[6][8]                     ;
;               ; due to stuck port data_in ;                                                                                ;
; d2[0][7]      ; Stuck at GND              ; matrix:ma2|m[0][7], matrix:ma2|m[3][7], matrix:ma2|m[6][7]                     ;
;               ; due to stuck port data_in ;                                                                                ;
; d2[1][8]      ; Stuck at GND              ; matrix:ma2|m[1][8], matrix:ma2|m[4][8], matrix:ma2|m[7][8]                     ;
;               ; due to stuck port data_in ;                                                                                ;
; d2[1][7]      ; Stuck at GND              ; matrix:ma2|m[1][7], matrix:ma2|m[4][7], matrix:ma2|m[7][7]                     ;
;               ; due to stuck port data_in ;                                                                                ;
; d2[2][8]      ; Stuck at GND              ; matrix:ma2|m[2][8], matrix:ma2|m[5][8], matrix:ma2|m[8][8]                     ;
;               ; due to stuck port data_in ;                                                                                ;
; d2[2][7]      ; Stuck at GND              ; matrix:ma2|m[2][7], matrix:ma2|m[5][7], matrix:ma2|m[8][7]                     ;
;               ; due to stuck port data_in ;                                                                                ;
; d0[0][6]      ; Stuck at GND              ; matrix:ma0|m[0][6], matrix:ma0|m[3][6], matrix:ma0|m[6][6]                     ;
;               ; due to stuck port data_in ;                                                                                ;
; d0[1][6]      ; Stuck at GND              ; matrix:ma1|m[0][6], matrix:ma1|m[3][6], matrix:ma1|m[6][6]                     ;
;               ; due to stuck port data_in ;                                                                                ;
; d0[2][6]      ; Stuck at GND              ; matrix:ma2|m[0][6], matrix:ma2|m[3][6], matrix:ma2|m[6][6]                     ;
;               ; due to stuck port data_in ;                                                                                ;
; d1[2][6]      ; Stuck at GND              ; matrix:ma2|m[1][6], matrix:ma2|m[4][6], matrix:ma2|m[7][6]                     ;
;               ; due to stuck port data_in ;                                                                                ;
; d2[2][6]      ; Stuck at GND              ; matrix:ma2|m[2][6], matrix:ma2|m[5][6], matrix:ma2|m[8][6]                     ;
;               ; due to stuck port data_in ;                                                                                ;
; d0[2][8]      ; Stuck at GND              ; matrix:ma0|m[2][8], matrix:ma0|m[5][8]                                         ;
;               ; due to stuck port data_in ;                                                                                ;
; d0[2][7]      ; Stuck at GND              ; matrix:ma0|m[2][7], matrix:ma0|m[5][7]                                         ;
;               ; due to stuck port data_in ;                                                                                ;
; d1[0][9]      ; Stuck at GND              ; matrix:ma1|m[0][9], matrix:ma1|m[3][9]                                         ;
;               ; due to stuck port data_in ;                                                                                ;
; d1[1][9]      ; Stuck at GND              ; matrix:ma1|m[1][9], matrix:ma1|m[4][9]                                         ;
;               ; due to stuck port data_in ;                                                                                ;
; d1[2][9]      ; Stuck at GND              ; matrix:ma1|m[2][9], matrix:ma1|m[5][9]                                         ;
;               ; due to stuck port data_in ;                                                                                ;
; d2[0][9]      ; Stuck at GND              ; matrix:ma2|m[0][9], matrix:ma2|m[3][9]                                         ;
;               ; due to stuck port data_in ;                                                                                ;
; d2[1][9]      ; Stuck at GND              ; matrix:ma2|m[1][9], matrix:ma2|m[4][9]                                         ;
;               ; due to stuck port data_in ;                                                                                ;
; d2[2][9]      ; Stuck at GND              ; matrix:ma2|m[2][9], matrix:ma2|m[5][9]                                         ;
;               ; due to stuck port data_in ;                                                                                ;
+---------------+---------------------------+--------------------------------------------------------------------------------+


+------------------------------------------------------+
; General Register Statistics                          ;
+----------------------------------------------+-------+
; Statistic                                    ; Value ;
+----------------------------------------------+-------+
; Total registers                              ; 123   ;
; Number of registers using Synchronous Clear  ; 0     ;
; Number of registers using Synchronous Load   ; 0     ;
; Number of registers using Asynchronous Clear ; 123   ;
; Number of registers using Asynchronous Load  ; 0     ;
; Number of registers using Clock Enable       ; 0     ;
; Number of registers using Preset             ; 0     ;
+----------------------------------------------+-------+


+---------------------------------------------------------+
; Parameter Settings for User Entity Instance: matrix:ma0 ;
+----------------+-------+--------------------------------+
; Parameter Name ; Value ; Type                           ;
+----------------+-------+--------------------------------+
; lSize          ; 3     ; Signed Integer                 ;
; dSize          ; 10    ; Signed Integer                 ;
+----------------+-------+--------------------------------+
Note: In order to hide this table in the UI and the text report file, please set the "Show Parameter Settings in Synthesis Report" option in "Analysis and Synthesis Settings -> More Settings" to "Off".


+-----------------------------------------------------------------+
; Parameter Settings for User Entity Instance: matrix:ma0|unit:u0 ;
+----------------+------------+-----------------------------------+
; Parameter Name ; Value      ; Type                              ;
+----------------+------------+-----------------------------------+
; dSize          ; 10         ; Signed Integer                    ;
; h              ; 0000000100 ; Unsigned Binary                   ;
+----------------+------------+-----------------------------------+
Note: In order to hide this table in the UI and the text report file, please set the "Show Parameter Settings in Synthesis Report" option in "Analysis and Synthesis Settings -> More Settings" to "Off".


+-----------------------------------------------------------------+
; Parameter Settings for User Entity Instance: matrix:ma0|unit:u1 ;
+----------------+------------+-----------------------------------+
; Parameter Name ; Value      ; Type                              ;
+----------------+------------+-----------------------------------+
; dSize          ; 10         ; Signed Integer                    ;
; h              ; 0000000100 ; Unsigned Binary                   ;
+----------------+------------+-----------------------------------+
Note: In order to hide this table in the UI and the text report file, please set the "Show Parameter Settings in Synthesis Report" option in "Analysis and Synthesis Settings -> More Settings" to "Off".


+-----------------------------------------------------------------+
; Parameter Settings for User Entity Instance: matrix:ma0|unit:u2 ;
+----------------+------------+-----------------------------------+
; Parameter Name ; Value      ; Type                              ;
+----------------+------------+-----------------------------------+
; dSize          ; 10         ; Signed Integer                    ;
; h              ; 0000000100 ; Unsigned Binary                   ;
+----------------+------------+-----------------------------------+
Note: In order to hide this table in the UI and the text report file, please set the "Show Parameter Settings in Synthesis Report" option in "Analysis and Synthesis Settings -> More Settings" to "Off".


+-----------------------------------------------------------------+
; Parameter Settings for User Entity Instance: matrix:ma0|unit:u3 ;
+----------------+------------+-----------------------------------+
; Parameter Name ; Value      ; Type                              ;
+----------------+------------+-----------------------------------+
; dSize          ; 10         ; Signed Integer                    ;
; h              ; 0000000011 ; Unsigned Binary                   ;
+----------------+------------+-----------------------------------+
Note: In order to hide this table in the UI and the text report file, please set the "Show Parameter Settings in Synthesis Report" option in "Analysis and Synthesis Settings -> More Settings" to "Off".


+-----------------------------------------------------------------+
; Parameter Settings for User Entity Instance: matrix:ma0|unit:u4 ;
+----------------+------------+-----------------------------------+
; Parameter Name ; Value      ; Type                              ;
+----------------+------------+-----------------------------------+
; dSize          ; 10         ; Signed Integer                    ;
; h              ; 0000000011 ; Unsigned Binary                   ;
+----------------+------------+-----------------------------------+
Note: In order to hide this table in the UI and the text report file, please set the "Show Parameter Settings in Synthesis Report" option in "Analysis and Synthesis Settings -> More Settings" to "Off".


+-----------------------------------------------------------------+
; Parameter Settings for User Entity Instance: matrix:ma0|unit:u5 ;
+----------------+------------+-----------------------------------+
; Parameter Name ; Value      ; Type                              ;
+----------------+------------+-----------------------------------+
; dSize          ; 10         ; Signed Integer                    ;
; h              ; 0000000011 ; Unsigned Binary                   ;
+----------------+------------+-----------------------------------+
Note: In order to hide this table in the UI and the text report file, please set the "Show Parameter Settings in Synthesis Report" option in "Analysis and Synthesis Settings -> More Settings" to "Off".


+-----------------------------------------------------------------+
; Parameter Settings for User Entity Instance: matrix:ma0|unit:u6 ;
+----------------+------------+-----------------------------------+
; Parameter Name ; Value      ; Type                              ;
+----------------+------------+-----------------------------------+
; dSize          ; 10         ; Signed Integer                    ;
; h              ; 0000000010 ; Unsigned Binary                   ;
+----------------+------------+-----------------------------------+
Note: In order to hide this table in the UI and the text report file, please set the "Show Parameter Settings in Synthesis Report" option in "Analysis and Synthesis Settings -> More Settings" to "Off".


+-----------------------------------------------------------------+
; Parameter Settings for User Entity Instance: matrix:ma0|unit:u7 ;
+----------------+------------+-----------------------------------+
; Parameter Name ; Value      ; Type                              ;
+----------------+------------+-----------------------------------+
; dSize          ; 10         ; Signed Integer                    ;
; h              ; 0000000010 ; Unsigned Binary                   ;
+----------------+------------+-----------------------------------+
Note: In order to hide this table in the UI and the text report file, please set the "Show Parameter Settings in Synthesis Report" option in "Analysis and Synthesis Settings -> More Settings" to "Off".


+-----------------------------------------------------------------+
; Parameter Settings for User Entity Instance: matrix:ma0|unit:u8 ;
+----------------+------------+-----------------------------------+
; Parameter Name ; Value      ; Type                              ;
+----------------+------------+-----------------------------------+
; dSize          ; 10         ; Signed Integer                    ;
; h              ; 0000000010 ; Unsigned Binary                   ;
+----------------+------------+-----------------------------------+
Note: In order to hide this table in the UI and the text report file, please set the "Show Parameter Settings in Synthesis Report" option in "Analysis and Synthesis Settings -> More Settings" to "Off".


+---------------------------------------------------------+
; Parameter Settings for User Entity Instance: matrix:ma1 ;
+----------------+-------+--------------------------------+
; Parameter Name ; Value ; Type                           ;
+----------------+-------+--------------------------------+
; lSize          ; 3     ; Signed Integer                 ;
; dSize          ; 10    ; Signed Integer                 ;
+----------------+-------+--------------------------------+
Note: In order to hide this table in the UI and the text report file, please set the "Show Parameter Settings in Synthesis Report" option in "Analysis and Synthesis Settings -> More Settings" to "Off".


+-----------------------------------------------------------------+
; Parameter Settings for User Entity Instance: matrix:ma1|unit:u0 ;
+----------------+------------+-----------------------------------+
; Parameter Name ; Value      ; Type                              ;
+----------------+------------+-----------------------------------+
; dSize          ; 10         ; Signed Integer                    ;
; h              ; 0000000100 ; Unsigned Binary                   ;
+----------------+------------+-----------------------------------+
Note: In order to hide this table in the UI and the text report file, please set the "Show Parameter Settings in Synthesis Report" option in "Analysis and Synthesis Settings -> More Settings" to "Off".


+-----------------------------------------------------------------+
; Parameter Settings for User Entity Instance: matrix:ma1|unit:u1 ;
+----------------+------------+-----------------------------------+
; Parameter Name ; Value      ; Type                              ;
+----------------+------------+-----------------------------------+
; dSize          ; 10         ; Signed Integer                    ;
; h              ; 0000000100 ; Unsigned Binary                   ;
+----------------+------------+-----------------------------------+
Note: In order to hide this table in the UI and the text report file, please set the "Show Parameter Settings in Synthesis Report" option in "Analysis and Synthesis Settings -> More Settings" to "Off".


+-----------------------------------------------------------------+
; Parameter Settings for User Entity Instance: matrix:ma1|unit:u2 ;
+----------------+------------+-----------------------------------+
; Parameter Name ; Value      ; Type                              ;
+----------------+------------+-----------------------------------+
; dSize          ; 10         ; Signed Integer                    ;
; h              ; 0000000100 ; Unsigned Binary                   ;
+----------------+------------+-----------------------------------+
Note: In order to hide this table in the UI and the text report file, please set the "Show Parameter Settings in Synthesis Report" option in "Analysis and Synthesis Settings -> More Settings" to "Off".


+-----------------------------------------------------------------+
; Parameter Settings for User Entity Instance: matrix:ma1|unit:u3 ;
+----------------+------------+-----------------------------------+
; Parameter Name ; Value      ; Type                              ;
+----------------+------------+-----------------------------------+
; dSize          ; 10         ; Signed Integer                    ;
; h              ; 0000000011 ; Unsigned Binary                   ;
+----------------+------------+-----------------------------------+
Note: In order to hide this table in the UI and the text report file, please set the "Show Parameter Settings in Synthesis Report" option in "Analysis and Synthesis Settings -> More Settings" to "Off".


+-----------------------------------------------------------------+
; Parameter Settings for User Entity Instance: matrix:ma1|unit:u4 ;
+----------------+------------+-----------------------------------+
; Parameter Name ; Value      ; Type                              ;
+----------------+------------+-----------------------------------+
; dSize          ; 10         ; Signed Integer                    ;
; h              ; 0000000011 ; Unsigned Binary                   ;
+----------------+------------+-----------------------------------+
Note: In order to hide this table in the UI and the text report file, please set the "Show Parameter Settings in Synthesis Report" option in "Analysis and Synthesis Settings -> More Settings" to "Off".


+-----------------------------------------------------------------+
; Parameter Settings for User Entity Instance: matrix:ma1|unit:u5 ;
+----------------+------------+-----------------------------------+
; Parameter Name ; Value      ; Type                              ;
+----------------+------------+-----------------------------------+
; dSize          ; 10         ; Signed Integer                    ;
; h              ; 0000000011 ; Unsigned Binary                   ;
+----------------+------------+-----------------------------------+
Note: In order to hide this table in the UI and the text report file, please set the "Show Parameter Settings in Synthesis Report" option in "Analysis and Synthesis Settings -> More Settings" to "Off".


+-----------------------------------------------------------------+
; Parameter Settings for User Entity Instance: matrix:ma1|unit:u6 ;
+----------------+------------+-----------------------------------+
; Parameter Name ; Value      ; Type                              ;
+----------------+------------+-----------------------------------+
; dSize          ; 10         ; Signed Integer                    ;
; h              ; 0000000010 ; Unsigned Binary                   ;
+----------------+------------+-----------------------------------+
Note: In order to hide this table in the UI and the text report file, please set the "Show Parameter Settings in Synthesis Report" option in "Analysis and Synthesis Settings -> More Settings" to "Off".


+-----------------------------------------------------------------+
; Parameter Settings for User Entity Instance: matrix:ma1|unit:u7 ;
+----------------+------------+-----------------------------------+
; Parameter Name ; Value      ; Type                              ;
+----------------+------------+-----------------------------------+
; dSize          ; 10         ; Signed Integer                    ;
; h              ; 0000000010 ; Unsigned Binary                   ;
+----------------+------------+-----------------------------------+
Note: In order to hide this table in the UI and the text report file, please set the "Show Parameter Settings in Synthesis Report" option in "Analysis and Synthesis Settings -> More Settings" to "Off".


+-----------------------------------------------------------------+
; Parameter Settings for User Entity Instance: matrix:ma1|unit:u8 ;
+----------------+------------+-----------------------------------+
; Parameter Name ; Value      ; Type                              ;
+----------------+------------+-----------------------------------+
; dSize          ; 10         ; Signed Integer                    ;
; h              ; 0000000010 ; Unsigned Binary                   ;
+----------------+------------+-----------------------------------+
Note: In order to hide this table in the UI and the text report file, please set the "Show Parameter Settings in Synthesis Report" option in "Analysis and Synthesis Settings -> More Settings" to "Off".


+---------------------------------------------------------+
; Parameter Settings for User Entity Instance: matrix:ma2 ;
+----------------+-------+--------------------------------+
; Parameter Name ; Value ; Type                           ;
+----------------+-------+--------------------------------+
; lSize          ; 3     ; Signed Integer                 ;
; dSize          ; 10    ; Signed Integer                 ;
+----------------+-------+--------------------------------+
Note: In order to hide this table in the UI and the text report file, please set the "Show Parameter Settings in Synthesis Report" option in "Analysis and Synthesis Settings -> More Settings" to "Off".


+-----------------------------------------------------------------+
; Parameter Settings for User Entity Instance: matrix:ma2|unit:u0 ;
+----------------+------------+-----------------------------------+
; Parameter Name ; Value      ; Type                              ;
+----------------+------------+-----------------------------------+
; dSize          ; 10         ; Signed Integer                    ;
; h              ; 0000000100 ; Unsigned Binary                   ;
+----------------+------------+-----------------------------------+
Note: In order to hide this table in the UI and the text report file, please set the "Show Parameter Settings in Synthesis Report" option in "Analysis and Synthesis Settings -> More Settings" to "Off".


+-----------------------------------------------------------------+
; Parameter Settings for User Entity Instance: matrix:ma2|unit:u1 ;
+----------------+------------+-----------------------------------+
; Parameter Name ; Value      ; Type                              ;
+----------------+------------+-----------------------------------+
; dSize          ; 10         ; Signed Integer                    ;
; h              ; 0000000100 ; Unsigned Binary                   ;
+----------------+------------+-----------------------------------+
Note: In order to hide this table in the UI and the text report file, please set the "Show Parameter Settings in Synthesis Report" option in "Analysis and Synthesis Settings -> More Settings" to "Off".


+-----------------------------------------------------------------+
; Parameter Settings for User Entity Instance: matrix:ma2|unit:u2 ;
+----------------+------------+-----------------------------------+
; Parameter Name ; Value      ; Type                              ;
+----------------+------------+-----------------------------------+
; dSize          ; 10         ; Signed Integer                    ;
; h              ; 0000000100 ; Unsigned Binary                   ;
+----------------+------------+-----------------------------------+
Note: In order to hide this table in the UI and the text report file, please set the "Show Parameter Settings in Synthesis Report" option in "Analysis and Synthesis Settings -> More Settings" to "Off".


+-----------------------------------------------------------------+
; Parameter Settings for User Entity Instance: matrix:ma2|unit:u3 ;
+----------------+------------+-----------------------------------+
; Parameter Name ; Value      ; Type                              ;
+----------------+------------+-----------------------------------+
; dSize          ; 10         ; Signed Integer                    ;
; h              ; 0000000011 ; Unsigned Binary                   ;
+----------------+------------+-----------------------------------+
Note: In order to hide this table in the UI and the text report file, please set the "Show Parameter Settings in Synthesis Report" option in "Analysis and Synthesis Settings -> More Settings" to "Off".


+-----------------------------------------------------------------+
; Parameter Settings for User Entity Instance: matrix:ma2|unit:u4 ;
+----------------+------------+-----------------------------------+
; Parameter Name ; Value      ; Type                              ;
+----------------+------------+-----------------------------------+
; dSize          ; 10         ; Signed Integer                    ;
; h              ; 0000000011 ; Unsigned Binary                   ;
+----------------+------------+-----------------------------------+
Note: In order to hide this table in the UI and the text report file, please set the "Show Parameter Settings in Synthesis Report" option in "Analysis and Synthesis Settings -> More Settings" to "Off".


+-----------------------------------------------------------------+
; Parameter Settings for User Entity Instance: matrix:ma2|unit:u5 ;
+----------------+------------+-----------------------------------+
; Parameter Name ; Value      ; Type                              ;
+----------------+------------+-----------------------------------+
; dSize          ; 10         ; Signed Integer                    ;
; h              ; 0000000011 ; Unsigned Binary                   ;
+----------------+------------+-----------------------------------+
Note: In order to hide this table in the UI and the text report file, please set the "Show Parameter Settings in Synthesis Report" option in "Analysis and Synthesis Settings -> More Settings" to "Off".


+-----------------------------------------------------------------+
; Parameter Settings for User Entity Instance: matrix:ma2|unit:u6 ;
+----------------+------------+-----------------------------------+
; Parameter Name ; Value      ; Type                              ;
+----------------+------------+-----------------------------------+
; dSize          ; 10         ; Signed Integer                    ;
; h              ; 0000000010 ; Unsigned Binary                   ;
+----------------+------------+-----------------------------------+
Note: In order to hide this table in the UI and the text report file, please set the "Show Parameter Settings in Synthesis Report" option in "Analysis and Synthesis Settings -> More Settings" to "Off".


+-----------------------------------------------------------------+
; Parameter Settings for User Entity Instance: matrix:ma2|unit:u7 ;
+----------------+------------+-----------------------------------+
; Parameter Name ; Value      ; Type                              ;
+----------------+------------+-----------------------------------+
; dSize          ; 10         ; Signed Integer                    ;
; h              ; 0000000010 ; Unsigned Binary                   ;
+----------------+------------+-----------------------------------+
Note: In order to hide this table in the UI and the text report file, please set the "Show Parameter Settings in Synthesis Report" option in "Analysis and Synthesis Settings -> More Settings" to "Off".


+-----------------------------------------------------------------+
; Parameter Settings for User Entity Instance: matrix:ma2|unit:u8 ;
+----------------+------------+-----------------------------------+
; Parameter Name ; Value      ; Type                              ;
+----------------+------------+-----------------------------------+
; dSize          ; 10         ; Signed Integer                    ;
; h              ; 0000000010 ; Unsigned Binary                   ;
+----------------+------------+-----------------------------------+
Note: In order to hide this table in the UI and the text report file, please set the "Show Parameter Settings in Synthesis Report" option in "Analysis and Synthesis Settings -> More Settings" to "Off".


+-------------------------------------------------------------------------------------------------------------------------------------+
; Port Connectivity Checks: "matrix:ma2"                                                                                              ;
+------+--------+----------+----------------------------------------------------------------------------------------------------------+
; Port ; Type   ; Severity ; Details                                                                                                  ;
+------+--------+----------+----------------------------------------------------------------------------------------------------------+
; mo   ; Output ; Warning  ; Declared by entity but not connected by instance. Logic that only feeds a dangling port will be removed. ;
+------+--------+----------+----------------------------------------------------------------------------------------------------------+


+-------------------------------------------------------------------------------------------------------------------------------------+
; Port Connectivity Checks: "matrix:ma1"                                                                                              ;
+------+--------+----------+----------------------------------------------------------------------------------------------------------+
; Port ; Type   ; Severity ; Details                                                                                                  ;
+------+--------+----------+----------------------------------------------------------------------------------------------------------+
; mo   ; Output ; Warning  ; Declared by entity but not connected by instance. Logic that only feeds a dangling port will be removed. ;
+------+--------+----------+----------------------------------------------------------------------------------------------------------+


+------------------------------------------------+
; Port Connectivity Checks: "matrix:ma0|unit:u0" ;
+------+-------+----------+----------------------+
; Port ; Type  ; Severity ; Details              ;
+------+-------+----------+----------------------+
; aIn  ; Input ; Info     ; Stuck at GND         ;
+------+-------+----------+----------------------+


+-------------------------------+
; Elapsed Time Per Partition    ;
+----------------+--------------+
; Partition Name ; Elapsed Time ;
+----------------+--------------+
; Top            ; 00:00:00     ;
+----------------+--------------+


+-------------------------------+
; Analysis & Synthesis Messages ;
+-------------------------------+
Info: *******************************************************************
Info: Running Quartus II 64-Bit Analysis & Synthesis
    Info: Version 13.0.1 Build 232 06/12/2013 Service Pack 1 SJ Web Edition
    Info: Processing started: Tue Oct 11 23:39:01 2022
Info: Command: quartus_map --read_settings_files=on --write_settings_files=off HW -c HW
Warning (20028): Parallel compilation is not licensed and has been disabled
Info (12021): Found 3 design units, including 3 entities, in source file hw.v
    Info (12023): Found entity 1: HW
    Info (12023): Found entity 2: matrix
    Info (12023): Found entity 3: unit
Info (12127): Elaborating entity "HW" for the top level hierarchy
Warning (10230): Verilog HDL assignment warning at HW.v(43): truncated value with size 32 to match size of target (7)
Warning (10030): Net "data[50]" at HW.v(39) has no driver or initial value, using a default initial value '0'
Info (12128): Elaborating entity "matrix" for hierarchy "matrix:ma0"
Info (12128): Elaborating entity "unit" for hierarchy "matrix:ma0|unit:u0"
Info (12128): Elaborating entity "unit" for hierarchy "matrix:ma0|unit:u3"
Info (12128): Elaborating entity "unit" for hierarchy "matrix:ma0|unit:u6"
Warning (12241): 2 hierarchies have connectivity warnings - see the Connectivity Checks report folder
Warning (13024): Output pins are stuck at VCC or GND
    Warning (13410): Pin "di0[6]" is stuck at GND
    Warning (13410): Pin "di0[7]" is stuck at GND
    Warning (13410): Pin "di0[8]" is stuck at GND
    Warning (13410): Pin "di0[9]" is stuck at GND
    Warning (13410): Pin "di0[16]" is stuck at GND
    Warning (13410): Pin "di0[17]" is stuck at GND
    Warning (13410): Pin "di0[18]" is stuck at GND
    Warning (13410): Pin "di0[19]" is stuck at GND
    Warning (13410): Pin "di0[26]" is stuck at GND
    Warning (13410): Pin "di0[27]" is stuck at GND
    Warning (13410): Pin "di0[28]" is stuck at GND
    Warning (13410): Pin "di0[29]" is stuck at GND
    Warning (13410): Pin "mo[6]" is stuck at GND
    Warning (13410): Pin "mo[7]" is stuck at GND
    Warning (13410): Pin "mo[8]" is stuck at GND
    Warning (13410): Pin "mo[9]" is stuck at GND
    Warning (13410): Pin "mo[16]" is stuck at GND
    Warning (13410): Pin "mo[17]" is stuck at GND
    Warning (13410): Pin "mo[18]" is stuck at GND
    Warning (13410): Pin "mo[19]" is stuck at GND
    Warning (13410): Pin "mo[26]" is stuck at GND
    Warning (13410): Pin "mo[27]" is stuck at GND
    Warning (13410): Pin "mo[28]" is stuck at GND
    Warning (13410): Pin "mo[29]" is stuck at GND
    Warning (13410): Pin "mo[36]" is stuck at GND
    Warning (13410): Pin "mo[37]" is stuck at GND
    Warning (13410): Pin "mo[38]" is stuck at GND
    Warning (13410): Pin "mo[39]" is stuck at GND
    Warning (13410): Pin "mo[46]" is stuck at GND
    Warning (13410): Pin "mo[47]" is stuck at GND
    Warning (13410): Pin "mo[48]" is stuck at GND
    Warning (13410): Pin "mo[49]" is stuck at GND
    Warning (13410): Pin "mo[56]" is stuck at GND
    Warning (13410): Pin "mo[57]" is stuck at GND
    Warning (13410): Pin "mo[58]" is stuck at GND
    Warning (13410): Pin "mo[59]" is stuck at GND
    Warning (13410): Pin "mo[66]" is stuck at GND
    Warning (13410): Pin "mo[67]" is stuck at GND
    Warning (13410): Pin "mo[68]" is stuck at GND
    Warning (13410): Pin "mo[69]" is stuck at GND
    Warning (13410): Pin "mo[76]" is stuck at GND
    Warning (13410): Pin "mo[77]" is stuck at GND
    Warning (13410): Pin "mo[78]" is stuck at GND
    Warning (13410): Pin "mo[79]" is stuck at GND
    Warning (13410): Pin "mo[86]" is stuck at GND
    Warning (13410): Pin "mo[87]" is stuck at GND
    Warning (13410): Pin "mo[88]" is stuck at GND
    Warning (13410): Pin "mo[89]" is stuck at GND
Info (286030): Timing-Driven Synthesis is running
Info (144001): Generated suppressed messages file C:/Users/dht98/Downloads/NKUST/NKUST_FPGA_110/0928/output_files/HW.map.smsg
Info (16010): Generating hard_block partition "hard_block:auto_generated_inst"
    Info (16011): Adding 0 node(s), including 0 DDIO, 0 PLL, 0 transceiver and 0 LCELL
Info (21057): Implemented 557 device resources after synthesis - the final resource count might be different
    Info (21058): Implemented 2 input pins
    Info (21059): Implemented 157 output pins
    Info (21061): Implemented 398 logic cells
Info: Quartus II 64-Bit Analysis & Synthesis was successful. 0 errors, 53 warnings
    Info: Peak virtual memory: 4649 megabytes
    Info: Processing ended: Tue Oct 11 23:39:03 2022
    Info: Elapsed time: 00:00:02
    Info: Total CPU time (on all processors): 00:00:02


+------------------------------------------+
; Analysis & Synthesis Suppressed Messages ;
+------------------------------------------+
The suppressed messages can be found in C:/Users/dht98/Downloads/NKUST/NKUST_FPGA_110/0928/output_files/HW.map.smsg.


